error: expected one of: `big`, `little`, `map`, `try_map`, `magic`, `repr`
 --> $DIR/invalid_keyword_unit_enum.rs:4:6
  |
4 | #[br(invalid_unit_enum_keyword)]
  |      ^^^^^^^^^^^^^^^^^^^^^^^^^
