error: null enums are not supported
 --> $DIR/unsupported_type_enum.rs:4:1
  |
4 | enum Foo {}
  | ^^^^^^^^^^^
